// Jest Snapshot v1, https://goo.gl/fbAQLP

exports[`Input should render as default 1`] = `
.emotion-0 {
  border-color: rgb(224, 224, 224);
  background-color: rgb(255, 255, 255);
  color: rgb(1, 1, 1);
  border-top-width: 2px;
  border-top-style: solid;
  border-right-width: 2px;
  border-right-style: solid;
  border-bottom-width: 2px;
  border-bottom-style: solid;
  border-left-width: 2px;
  border-left-style: solid;
  cursor: text;
  padding-top: 8px;
  padding-right: 8px;
  padding-bottom: 8px;
  padding-left: 8px;
  border-top-left-radius: 2px;
  border-top-right-radius: 2px;
  border-bottom-left-radius: 2px;
  border-bottom-right-radius: 2px;
  font-family: Helvetica,sans-serif;
  font-kerning: normal;
  font-size: medium;
  font-style: normal;
  font-weight: 400;
  line-height: 1em;
  text-align: left;
  text-decoration-line: none;
  text-transform: none;
  height: 1em;
  min-width: 1em;
  display: -webkit-inline-box;
  display: -webkit-inline-flex;
  display: -ms-inline-flexbox;
  display: inline-flex;
  box-sizing: content-box;
  vertical-align: middle;
}

.emotion-0:disabled,
.emotion-0.inactive {
  border-color: rgb(165, 165, 165);
  background-color: rgb(191, 191, 191);
  color: rgb(1, 1, 1);
}

.emotion-0:not(:disabled):not(.inactive):hover,
.emotion-0:not(:disabled):not(.inactive).hover {
  border-color: rgb(224, 224, 224);
  background-color: rgb(247, 247, 247);
  color: rgb(1, 1, 1);
}

.emotion-0:not(:disabled):not(.inactive):active,
.emotion-0:not(:disabled):not(.inactive).active {
  border-color: rgb(224, 224, 224);
  background-color: rgb(240, 240, 240);
  color: rgb(1, 1, 1);
}

.emotion-0:not(:disabled):not(.inactive):focus,
.emotion-0:not(:disabled):not(.inactive).focus {
  outline-style: dotted;
  outline-color: inherit;
  outline-width: 1px;
  outline-offset: 1px;
}

<div>
  <input
    class="emotion-0"
  />
</div>
`;

exports[`Input should render type color 1`] = `
.emotion-0 {
  border-color: rgb(224, 224, 224);
  background-color: rgb(255, 255, 255);
  color: rgb(1, 1, 1);
  border-top-width: 2px;
  border-top-style: solid;
  border-right-width: 2px;
  border-right-style: solid;
  border-bottom-width: 2px;
  border-bottom-style: solid;
  border-left-width: 2px;
  border-left-style: solid;
  cursor: text;
  padding-top: 8px;
  padding-right: 8px;
  padding-bottom: 8px;
  padding-left: 8px;
  border-top-left-radius: 2px;
  border-top-right-radius: 2px;
  border-bottom-left-radius: 2px;
  border-bottom-right-radius: 2px;
  font-family: Helvetica,sans-serif;
  font-kerning: normal;
  font-size: medium;
  font-style: normal;
  font-weight: 400;
  line-height: 1em;
  text-align: left;
  text-decoration-line: none;
  text-transform: none;
  height: 1em;
  min-width: 1em;
  display: -webkit-inline-box;
  display: -webkit-inline-flex;
  display: -ms-inline-flexbox;
  display: inline-flex;
  box-sizing: content-box;
  vertical-align: middle;
}

.emotion-0:disabled,
.emotion-0.inactive {
  border-color: rgb(165, 165, 165);
  background-color: rgb(191, 191, 191);
  color: rgb(1, 1, 1);
}

.emotion-0:not(:disabled):not(.inactive):hover,
.emotion-0:not(:disabled):not(.inactive).hover {
  border-color: rgb(224, 224, 224);
  background-color: rgb(247, 247, 247);
  color: rgb(1, 1, 1);
}

.emotion-0:not(:disabled):not(.inactive):active,
.emotion-0:not(:disabled):not(.inactive).active {
  border-color: rgb(224, 224, 224);
  background-color: rgb(240, 240, 240);
  color: rgb(1, 1, 1);
}

.emotion-0:not(:disabled):not(.inactive):focus,
.emotion-0:not(:disabled):not(.inactive).focus {
  outline-style: dotted;
  outline-color: inherit;
  outline-width: 1px;
  outline-offset: 1px;
}

<div>
  <input
    class="emotion-0"
    type="color"
  />
</div>
`;

exports[`Input should render type currency 1`] = `
.emotion-0 {
  border-color: rgb(224, 224, 224);
  background-color: rgb(255, 255, 255);
  color: rgb(1, 1, 1);
  border-top-width: 2px;
  border-top-style: solid;
  border-right-width: 2px;
  border-right-style: solid;
  border-bottom-width: 2px;
  border-bottom-style: solid;
  border-left-width: 2px;
  border-left-style: solid;
  cursor: text;
  padding-top: 8px;
  padding-right: 8px;
  padding-bottom: 8px;
  padding-left: 8px;
  border-top-left-radius: 2px;
  border-top-right-radius: 2px;
  border-bottom-left-radius: 2px;
  border-bottom-right-radius: 2px;
  font-family: Helvetica,sans-serif;
  font-kerning: normal;
  font-size: medium;
  font-style: normal;
  font-weight: 400;
  line-height: 1em;
  text-align: left;
  text-decoration-line: none;
  text-transform: none;
  height: 1em;
  min-width: 1em;
  display: -webkit-inline-box;
  display: -webkit-inline-flex;
  display: -ms-inline-flexbox;
  display: inline-flex;
  box-sizing: content-box;
  vertical-align: middle;
}

.emotion-0:disabled,
.emotion-0.inactive {
  border-color: rgb(165, 165, 165);
  background-color: rgb(191, 191, 191);
  color: rgb(1, 1, 1);
}

.emotion-0:not(:disabled):not(.inactive):hover,
.emotion-0:not(:disabled):not(.inactive).hover {
  border-color: rgb(224, 224, 224);
  background-color: rgb(247, 247, 247);
  color: rgb(1, 1, 1);
}

.emotion-0:not(:disabled):not(.inactive):active,
.emotion-0:not(:disabled):not(.inactive).active {
  border-color: rgb(224, 224, 224);
  background-color: rgb(240, 240, 240);
  color: rgb(1, 1, 1);
}

.emotion-0:not(:disabled):not(.inactive):focus,
.emotion-0:not(:disabled):not(.inactive).focus {
  outline-style: dotted;
  outline-color: inherit;
  outline-width: 1px;
  outline-offset: 1px;
}

<div>
  <input
    class="emotion-0"
    type="text"
    value=""
  />
</div>
`;

exports[`Input should render type date 1`] = `
.emotion-0 {
  border-color: rgb(224, 224, 224);
  background-color: rgb(255, 255, 255);
  color: rgb(1, 1, 1);
  border-top-width: 2px;
  border-top-style: solid;
  border-right-width: 2px;
  border-right-style: solid;
  border-bottom-width: 2px;
  border-bottom-style: solid;
  border-left-width: 2px;
  border-left-style: solid;
  cursor: text;
  padding-top: 8px;
  padding-right: 8px;
  padding-bottom: 8px;
  padding-left: 8px;
  border-top-left-radius: 2px;
  border-top-right-radius: 2px;
  border-bottom-left-radius: 2px;
  border-bottom-right-radius: 2px;
  font-family: Helvetica,sans-serif;
  font-kerning: normal;
  font-size: medium;
  font-style: normal;
  font-weight: 400;
  line-height: 1em;
  text-align: left;
  text-decoration-line: none;
  text-transform: none;
  height: 1em;
  min-width: 1em;
  display: -webkit-inline-box;
  display: -webkit-inline-flex;
  display: -ms-inline-flexbox;
  display: inline-flex;
  box-sizing: content-box;
  vertical-align: middle;
}

.emotion-0:disabled,
.emotion-0.inactive {
  border-color: rgb(165, 165, 165);
  background-color: rgb(191, 191, 191);
  color: rgb(1, 1, 1);
}

.emotion-0:not(:disabled):not(.inactive):hover,
.emotion-0:not(:disabled):not(.inactive).hover {
  border-color: rgb(224, 224, 224);
  background-color: rgb(247, 247, 247);
  color: rgb(1, 1, 1);
}

.emotion-0:not(:disabled):not(.inactive):active,
.emotion-0:not(:disabled):not(.inactive).active {
  border-color: rgb(224, 224, 224);
  background-color: rgb(240, 240, 240);
  color: rgb(1, 1, 1);
}

.emotion-0:not(:disabled):not(.inactive):focus,
.emotion-0:not(:disabled):not(.inactive).focus {
  outline-style: dotted;
  outline-color: inherit;
  outline-width: 1px;
  outline-offset: 1px;
}

<div>
  <input
    class="emotion-0"
    type="date"
  />
</div>
`;

exports[`Input should render type datetime-local 1`] = `
.emotion-0 {
  border-color: rgb(224, 224, 224);
  background-color: rgb(255, 255, 255);
  color: rgb(1, 1, 1);
  border-top-width: 2px;
  border-top-style: solid;
  border-right-width: 2px;
  border-right-style: solid;
  border-bottom-width: 2px;
  border-bottom-style: solid;
  border-left-width: 2px;
  border-left-style: solid;
  cursor: text;
  padding-top: 8px;
  padding-right: 8px;
  padding-bottom: 8px;
  padding-left: 8px;
  border-top-left-radius: 2px;
  border-top-right-radius: 2px;
  border-bottom-left-radius: 2px;
  border-bottom-right-radius: 2px;
  font-family: Helvetica,sans-serif;
  font-kerning: normal;
  font-size: medium;
  font-style: normal;
  font-weight: 400;
  line-height: 1em;
  text-align: left;
  text-decoration-line: none;
  text-transform: none;
  height: 1em;
  min-width: 1em;
  display: -webkit-inline-box;
  display: -webkit-inline-flex;
  display: -ms-inline-flexbox;
  display: inline-flex;
  box-sizing: content-box;
  vertical-align: middle;
}

.emotion-0:disabled,
.emotion-0.inactive {
  border-color: rgb(165, 165, 165);
  background-color: rgb(191, 191, 191);
  color: rgb(1, 1, 1);
}

.emotion-0:not(:disabled):not(.inactive):hover,
.emotion-0:not(:disabled):not(.inactive).hover {
  border-color: rgb(224, 224, 224);
  background-color: rgb(247, 247, 247);
  color: rgb(1, 1, 1);
}

.emotion-0:not(:disabled):not(.inactive):active,
.emotion-0:not(:disabled):not(.inactive).active {
  border-color: rgb(224, 224, 224);
  background-color: rgb(240, 240, 240);
  color: rgb(1, 1, 1);
}

.emotion-0:not(:disabled):not(.inactive):focus,
.emotion-0:not(:disabled):not(.inactive).focus {
  outline-style: dotted;
  outline-color: inherit;
  outline-width: 1px;
  outline-offset: 1px;
}

<div>
  <input
    class="emotion-0"
    type="datetime-local"
  />
</div>
`;

exports[`Input should render type email 1`] = `
.emotion-0 {
  border-color: rgb(224, 224, 224);
  background-color: rgb(255, 255, 255);
  color: rgb(1, 1, 1);
  border-top-width: 2px;
  border-top-style: solid;
  border-right-width: 2px;
  border-right-style: solid;
  border-bottom-width: 2px;
  border-bottom-style: solid;
  border-left-width: 2px;
  border-left-style: solid;
  cursor: text;
  padding-top: 8px;
  padding-right: 8px;
  padding-bottom: 8px;
  padding-left: 8px;
  border-top-left-radius: 2px;
  border-top-right-radius: 2px;
  border-bottom-left-radius: 2px;
  border-bottom-right-radius: 2px;
  font-family: Helvetica,sans-serif;
  font-kerning: normal;
  font-size: medium;
  font-style: normal;
  font-weight: 400;
  line-height: 1em;
  text-align: left;
  text-decoration-line: none;
  text-transform: none;
  height: 1em;
  min-width: 1em;
  display: -webkit-inline-box;
  display: -webkit-inline-flex;
  display: -ms-inline-flexbox;
  display: inline-flex;
  box-sizing: content-box;
  vertical-align: middle;
}

.emotion-0:disabled,
.emotion-0.inactive {
  border-color: rgb(165, 165, 165);
  background-color: rgb(191, 191, 191);
  color: rgb(1, 1, 1);
}

.emotion-0:not(:disabled):not(.inactive):hover,
.emotion-0:not(:disabled):not(.inactive).hover {
  border-color: rgb(224, 224, 224);
  background-color: rgb(247, 247, 247);
  color: rgb(1, 1, 1);
}

.emotion-0:not(:disabled):not(.inactive):active,
.emotion-0:not(:disabled):not(.inactive).active {
  border-color: rgb(224, 224, 224);
  background-color: rgb(240, 240, 240);
  color: rgb(1, 1, 1);
}

.emotion-0:not(:disabled):not(.inactive):focus,
.emotion-0:not(:disabled):not(.inactive).focus {
  outline-style: dotted;
  outline-color: inherit;
  outline-width: 1px;
  outline-offset: 1px;
}

<div>
  <input
    class="emotion-0"
    type="email"
  />
</div>
`;

exports[`Input should render type hidden 1`] = `
<div>
  <input
    class="emotion-0"
    type="hidden"
  />
</div>
`;

exports[`Input should render type month 1`] = `
.emotion-0 {
  border-color: rgb(224, 224, 224);
  background-color: rgb(255, 255, 255);
  color: rgb(1, 1, 1);
  border-top-width: 2px;
  border-top-style: solid;
  border-right-width: 2px;
  border-right-style: solid;
  border-bottom-width: 2px;
  border-bottom-style: solid;
  border-left-width: 2px;
  border-left-style: solid;
  cursor: text;
  padding-top: 8px;
  padding-right: 8px;
  padding-bottom: 8px;
  padding-left: 8px;
  border-top-left-radius: 2px;
  border-top-right-radius: 2px;
  border-bottom-left-radius: 2px;
  border-bottom-right-radius: 2px;
  font-family: Helvetica,sans-serif;
  font-kerning: normal;
  font-size: medium;
  font-style: normal;
  font-weight: 400;
  line-height: 1em;
  text-align: left;
  text-decoration-line: none;
  text-transform: none;
  height: 1em;
  min-width: 1em;
  display: -webkit-inline-box;
  display: -webkit-inline-flex;
  display: -ms-inline-flexbox;
  display: inline-flex;
  box-sizing: content-box;
  vertical-align: middle;
}

.emotion-0:disabled,
.emotion-0.inactive {
  border-color: rgb(165, 165, 165);
  background-color: rgb(191, 191, 191);
  color: rgb(1, 1, 1);
}

.emotion-0:not(:disabled):not(.inactive):hover,
.emotion-0:not(:disabled):not(.inactive).hover {
  border-color: rgb(224, 224, 224);
  background-color: rgb(247, 247, 247);
  color: rgb(1, 1, 1);
}

.emotion-0:not(:disabled):not(.inactive):active,
.emotion-0:not(:disabled):not(.inactive).active {
  border-color: rgb(224, 224, 224);
  background-color: rgb(240, 240, 240);
  color: rgb(1, 1, 1);
}

.emotion-0:not(:disabled):not(.inactive):focus,
.emotion-0:not(:disabled):not(.inactive).focus {
  outline-style: dotted;
  outline-color: inherit;
  outline-width: 1px;
  outline-offset: 1px;
}

<div>
  <input
    class="emotion-0"
    type="month"
  />
</div>
`;

exports[`Input should render type number 1`] = `
.emotion-0 {
  border-color: rgb(224, 224, 224);
  background-color: rgb(255, 255, 255);
  color: rgb(1, 1, 1);
  border-top-width: 2px;
  border-top-style: solid;
  border-right-width: 2px;
  border-right-style: solid;
  border-bottom-width: 2px;
  border-bottom-style: solid;
  border-left-width: 2px;
  border-left-style: solid;
  cursor: text;
  padding-top: 8px;
  padding-right: 8px;
  padding-bottom: 8px;
  padding-left: 8px;
  border-top-left-radius: 2px;
  border-top-right-radius: 2px;
  border-bottom-left-radius: 2px;
  border-bottom-right-radius: 2px;
  font-family: Helvetica,sans-serif;
  font-kerning: normal;
  font-size: medium;
  font-style: normal;
  font-weight: 400;
  line-height: 1em;
  text-align: left;
  text-decoration-line: none;
  text-transform: none;
  height: 1em;
  min-width: 1em;
  display: -webkit-inline-box;
  display: -webkit-inline-flex;
  display: -ms-inline-flexbox;
  display: inline-flex;
  box-sizing: content-box;
  vertical-align: middle;
}

.emotion-0:disabled,
.emotion-0.inactive {
  border-color: rgb(165, 165, 165);
  background-color: rgb(191, 191, 191);
  color: rgb(1, 1, 1);
}

.emotion-0:not(:disabled):not(.inactive):hover,
.emotion-0:not(:disabled):not(.inactive).hover {
  border-color: rgb(224, 224, 224);
  background-color: rgb(247, 247, 247);
  color: rgb(1, 1, 1);
}

.emotion-0:not(:disabled):not(.inactive):active,
.emotion-0:not(:disabled):not(.inactive).active {
  border-color: rgb(224, 224, 224);
  background-color: rgb(240, 240, 240);
  color: rgb(1, 1, 1);
}

.emotion-0:not(:disabled):not(.inactive):focus,
.emotion-0:not(:disabled):not(.inactive).focus {
  outline-style: dotted;
  outline-color: inherit;
  outline-width: 1px;
  outline-offset: 1px;
}

<div>
  <input
    class="emotion-0"
    type="number"
  />
</div>
`;

exports[`Input should render type password 1`] = `
.emotion-0 {
  border-color: rgb(224, 224, 224);
  background-color: rgb(255, 255, 255);
  color: rgb(1, 1, 1);
  border-top-width: 2px;
  border-top-style: solid;
  border-right-width: 2px;
  border-right-style: solid;
  border-bottom-width: 2px;
  border-bottom-style: solid;
  border-left-width: 2px;
  border-left-style: solid;
  cursor: text;
  padding-top: 8px;
  padding-right: 8px;
  padding-bottom: 8px;
  padding-left: 8px;
  border-top-left-radius: 2px;
  border-top-right-radius: 2px;
  border-bottom-left-radius: 2px;
  border-bottom-right-radius: 2px;
  font-family: Helvetica,sans-serif;
  font-kerning: normal;
  font-size: medium;
  font-style: normal;
  font-weight: 400;
  line-height: 1em;
  text-align: left;
  text-decoration-line: none;
  text-transform: none;
  height: 1em;
  min-width: 1em;
  display: -webkit-inline-box;
  display: -webkit-inline-flex;
  display: -ms-inline-flexbox;
  display: inline-flex;
  box-sizing: content-box;
  vertical-align: middle;
}

.emotion-0:disabled,
.emotion-0.inactive {
  border-color: rgb(165, 165, 165);
  background-color: rgb(191, 191, 191);
  color: rgb(1, 1, 1);
}

.emotion-0:not(:disabled):not(.inactive):hover,
.emotion-0:not(:disabled):not(.inactive).hover {
  border-color: rgb(224, 224, 224);
  background-color: rgb(247, 247, 247);
  color: rgb(1, 1, 1);
}

.emotion-0:not(:disabled):not(.inactive):active,
.emotion-0:not(:disabled):not(.inactive).active {
  border-color: rgb(224, 224, 224);
  background-color: rgb(240, 240, 240);
  color: rgb(1, 1, 1);
}

.emotion-0:not(:disabled):not(.inactive):focus,
.emotion-0:not(:disabled):not(.inactive).focus {
  outline-style: dotted;
  outline-color: inherit;
  outline-width: 1px;
  outline-offset: 1px;
}

<div>
  <input
    class="emotion-0"
    type="password"
  />
</div>
`;

exports[`Input should render type percentage 1`] = `
.emotion-0 {
  border-color: rgb(224, 224, 224);
  background-color: rgb(255, 255, 255);
  color: rgb(1, 1, 1);
  border-top-width: 2px;
  border-top-style: solid;
  border-right-width: 2px;
  border-right-style: solid;
  border-bottom-width: 2px;
  border-bottom-style: solid;
  border-left-width: 2px;
  border-left-style: solid;
  cursor: text;
  padding-top: 8px;
  padding-right: 8px;
  padding-bottom: 8px;
  padding-left: 8px;
  border-top-left-radius: 2px;
  border-top-right-radius: 2px;
  border-bottom-left-radius: 2px;
  border-bottom-right-radius: 2px;
  font-family: Helvetica,sans-serif;
  font-kerning: normal;
  font-size: medium;
  font-style: normal;
  font-weight: 400;
  line-height: 1em;
  text-align: left;
  text-decoration-line: none;
  text-transform: none;
  height: 1em;
  min-width: 1em;
  display: -webkit-inline-box;
  display: -webkit-inline-flex;
  display: -ms-inline-flexbox;
  display: inline-flex;
  box-sizing: content-box;
  vertical-align: middle;
}

.emotion-0:disabled,
.emotion-0.inactive {
  border-color: rgb(165, 165, 165);
  background-color: rgb(191, 191, 191);
  color: rgb(1, 1, 1);
}

.emotion-0:not(:disabled):not(.inactive):hover,
.emotion-0:not(:disabled):not(.inactive).hover {
  border-color: rgb(224, 224, 224);
  background-color: rgb(247, 247, 247);
  color: rgb(1, 1, 1);
}

.emotion-0:not(:disabled):not(.inactive):active,
.emotion-0:not(:disabled):not(.inactive).active {
  border-color: rgb(224, 224, 224);
  background-color: rgb(240, 240, 240);
  color: rgb(1, 1, 1);
}

.emotion-0:not(:disabled):not(.inactive):focus,
.emotion-0:not(:disabled):not(.inactive).focus {
  outline-style: dotted;
  outline-color: inherit;
  outline-width: 1px;
  outline-offset: 1px;
}

<div>
  <input
    class="emotion-0"
    type="text"
    value=""
  />
</div>
`;

exports[`Input should render type range 1`] = `
.emotion-0 {
  border-color: rgb(224, 224, 224);
  background-color: rgb(255, 255, 255);
  color: rgb(1, 1, 1);
  border-top-width: 2px;
  border-top-style: solid;
  border-right-width: 2px;
  border-right-style: solid;
  border-bottom-width: 2px;
  border-bottom-style: solid;
  border-left-width: 2px;
  border-left-style: solid;
  cursor: text;
  padding-top: 8px;
  padding-right: 8px;
  padding-bottom: 8px;
  padding-left: 8px;
  border-top-left-radius: 2px;
  border-top-right-radius: 2px;
  border-bottom-left-radius: 2px;
  border-bottom-right-radius: 2px;
  font-family: Helvetica,sans-serif;
  font-kerning: normal;
  font-size: medium;
  font-style: normal;
  font-weight: 400;
  line-height: 1em;
  text-align: left;
  text-decoration-line: none;
  text-transform: none;
  height: 1em;
  min-width: 1em;
  display: -webkit-inline-box;
  display: -webkit-inline-flex;
  display: -ms-inline-flexbox;
  display: inline-flex;
  box-sizing: content-box;
  vertical-align: middle;
}

.emotion-0:disabled,
.emotion-0.inactive {
  border-color: rgb(165, 165, 165);
  background-color: rgb(191, 191, 191);
  color: rgb(1, 1, 1);
}

.emotion-0:not(:disabled):not(.inactive):hover,
.emotion-0:not(:disabled):not(.inactive).hover {
  border-color: rgb(224, 224, 224);
  background-color: rgb(247, 247, 247);
  color: rgb(1, 1, 1);
}

.emotion-0:not(:disabled):not(.inactive):active,
.emotion-0:not(:disabled):not(.inactive).active {
  border-color: rgb(224, 224, 224);
  background-color: rgb(240, 240, 240);
  color: rgb(1, 1, 1);
}

.emotion-0:not(:disabled):not(.inactive):focus,
.emotion-0:not(:disabled):not(.inactive).focus {
  outline-style: dotted;
  outline-color: inherit;
  outline-width: 1px;
  outline-offset: 1px;
}

<div>
  <input
    class="emotion-0"
    type="range"
  />
</div>
`;

exports[`Input should render type search 1`] = `
.emotion-0 {
  border-color: rgb(224, 224, 224);
  background-color: rgb(255, 255, 255);
  color: rgb(1, 1, 1);
  border-top-width: 2px;
  border-top-style: solid;
  border-right-width: 2px;
  border-right-style: solid;
  border-bottom-width: 2px;
  border-bottom-style: solid;
  border-left-width: 2px;
  border-left-style: solid;
  cursor: text;
  padding-top: 8px;
  padding-right: 8px;
  padding-bottom: 8px;
  padding-left: 8px;
  border-top-left-radius: 2px;
  border-top-right-radius: 2px;
  border-bottom-left-radius: 2px;
  border-bottom-right-radius: 2px;
  font-family: Helvetica,sans-serif;
  font-kerning: normal;
  font-size: medium;
  font-style: normal;
  font-weight: 400;
  line-height: 1em;
  text-align: left;
  text-decoration-line: none;
  text-transform: none;
  height: 1em;
  min-width: 1em;
  display: -webkit-inline-box;
  display: -webkit-inline-flex;
  display: -ms-inline-flexbox;
  display: inline-flex;
  box-sizing: content-box;
  vertical-align: middle;
}

.emotion-0:disabled,
.emotion-0.inactive {
  border-color: rgb(165, 165, 165);
  background-color: rgb(191, 191, 191);
  color: rgb(1, 1, 1);
}

.emotion-0:not(:disabled):not(.inactive):hover,
.emotion-0:not(:disabled):not(.inactive).hover {
  border-color: rgb(224, 224, 224);
  background-color: rgb(247, 247, 247);
  color: rgb(1, 1, 1);
}

.emotion-0:not(:disabled):not(.inactive):active,
.emotion-0:not(:disabled):not(.inactive).active {
  border-color: rgb(224, 224, 224);
  background-color: rgb(240, 240, 240);
  color: rgb(1, 1, 1);
}

.emotion-0:not(:disabled):not(.inactive):focus,
.emotion-0:not(:disabled):not(.inactive).focus {
  outline-style: dotted;
  outline-color: inherit;
  outline-width: 1px;
  outline-offset: 1px;
}

<div>
  <input
    class="emotion-0"
    type="search"
  />
</div>
`;

exports[`Input should render type tel 1`] = `
.emotion-0 {
  border-color: rgb(224, 224, 224);
  background-color: rgb(255, 255, 255);
  color: rgb(1, 1, 1);
  border-top-width: 2px;
  border-top-style: solid;
  border-right-width: 2px;
  border-right-style: solid;
  border-bottom-width: 2px;
  border-bottom-style: solid;
  border-left-width: 2px;
  border-left-style: solid;
  cursor: text;
  padding-top: 8px;
  padding-right: 8px;
  padding-bottom: 8px;
  padding-left: 8px;
  border-top-left-radius: 2px;
  border-top-right-radius: 2px;
  border-bottom-left-radius: 2px;
  border-bottom-right-radius: 2px;
  font-family: Helvetica,sans-serif;
  font-kerning: normal;
  font-size: medium;
  font-style: normal;
  font-weight: 400;
  line-height: 1em;
  text-align: left;
  text-decoration-line: none;
  text-transform: none;
  height: 1em;
  min-width: 1em;
  display: -webkit-inline-box;
  display: -webkit-inline-flex;
  display: -ms-inline-flexbox;
  display: inline-flex;
  box-sizing: content-box;
  vertical-align: middle;
}

.emotion-0:disabled,
.emotion-0.inactive {
  border-color: rgb(165, 165, 165);
  background-color: rgb(191, 191, 191);
  color: rgb(1, 1, 1);
}

.emotion-0:not(:disabled):not(.inactive):hover,
.emotion-0:not(:disabled):not(.inactive).hover {
  border-color: rgb(224, 224, 224);
  background-color: rgb(247, 247, 247);
  color: rgb(1, 1, 1);
}

.emotion-0:not(:disabled):not(.inactive):active,
.emotion-0:not(:disabled):not(.inactive).active {
  border-color: rgb(224, 224, 224);
  background-color: rgb(240, 240, 240);
  color: rgb(1, 1, 1);
}

.emotion-0:not(:disabled):not(.inactive):focus,
.emotion-0:not(:disabled):not(.inactive).focus {
  outline-style: dotted;
  outline-color: inherit;
  outline-width: 1px;
  outline-offset: 1px;
}

<div>
  <input
    class="emotion-0"
    type="tel"
    value=""
  />
</div>
`;

exports[`Input should render type text 1`] = `
.emotion-0 {
  border-color: rgb(224, 224, 224);
  background-color: rgb(255, 255, 255);
  color: rgb(1, 1, 1);
  border-top-width: 2px;
  border-top-style: solid;
  border-right-width: 2px;
  border-right-style: solid;
  border-bottom-width: 2px;
  border-bottom-style: solid;
  border-left-width: 2px;
  border-left-style: solid;
  cursor: text;
  padding-top: 8px;
  padding-right: 8px;
  padding-bottom: 8px;
  padding-left: 8px;
  border-top-left-radius: 2px;
  border-top-right-radius: 2px;
  border-bottom-left-radius: 2px;
  border-bottom-right-radius: 2px;
  font-family: Helvetica,sans-serif;
  font-kerning: normal;
  font-size: medium;
  font-style: normal;
  font-weight: 400;
  line-height: 1em;
  text-align: left;
  text-decoration-line: none;
  text-transform: none;
  height: 1em;
  min-width: 1em;
  display: -webkit-inline-box;
  display: -webkit-inline-flex;
  display: -ms-inline-flexbox;
  display: inline-flex;
  box-sizing: content-box;
  vertical-align: middle;
}

.emotion-0:disabled,
.emotion-0.inactive {
  border-color: rgb(165, 165, 165);
  background-color: rgb(191, 191, 191);
  color: rgb(1, 1, 1);
}

.emotion-0:not(:disabled):not(.inactive):hover,
.emotion-0:not(:disabled):not(.inactive).hover {
  border-color: rgb(224, 224, 224);
  background-color: rgb(247, 247, 247);
  color: rgb(1, 1, 1);
}

.emotion-0:not(:disabled):not(.inactive):active,
.emotion-0:not(:disabled):not(.inactive).active {
  border-color: rgb(224, 224, 224);
  background-color: rgb(240, 240, 240);
  color: rgb(1, 1, 1);
}

.emotion-0:not(:disabled):not(.inactive):focus,
.emotion-0:not(:disabled):not(.inactive).focus {
  outline-style: dotted;
  outline-color: inherit;
  outline-width: 1px;
  outline-offset: 1px;
}

<div>
  <input
    class="emotion-0"
    type="text"
  />
</div>
`;

exports[`Input should render type time 1`] = `
.emotion-0 {
  border-color: rgb(224, 224, 224);
  background-color: rgb(255, 255, 255);
  color: rgb(1, 1, 1);
  border-top-width: 2px;
  border-top-style: solid;
  border-right-width: 2px;
  border-right-style: solid;
  border-bottom-width: 2px;
  border-bottom-style: solid;
  border-left-width: 2px;
  border-left-style: solid;
  cursor: text;
  padding-top: 8px;
  padding-right: 8px;
  padding-bottom: 8px;
  padding-left: 8px;
  border-top-left-radius: 2px;
  border-top-right-radius: 2px;
  border-bottom-left-radius: 2px;
  border-bottom-right-radius: 2px;
  font-family: Helvetica,sans-serif;
  font-kerning: normal;
  font-size: medium;
  font-style: normal;
  font-weight: 400;
  line-height: 1em;
  text-align: left;
  text-decoration-line: none;
  text-transform: none;
  height: 1em;
  min-width: 1em;
  display: -webkit-inline-box;
  display: -webkit-inline-flex;
  display: -ms-inline-flexbox;
  display: inline-flex;
  box-sizing: content-box;
  vertical-align: middle;
}

.emotion-0:disabled,
.emotion-0.inactive {
  border-color: rgb(165, 165, 165);
  background-color: rgb(191, 191, 191);
  color: rgb(1, 1, 1);
}

.emotion-0:not(:disabled):not(.inactive):hover,
.emotion-0:not(:disabled):not(.inactive).hover {
  border-color: rgb(224, 224, 224);
  background-color: rgb(247, 247, 247);
  color: rgb(1, 1, 1);
}

.emotion-0:not(:disabled):not(.inactive):active,
.emotion-0:not(:disabled):not(.inactive).active {
  border-color: rgb(224, 224, 224);
  background-color: rgb(240, 240, 240);
  color: rgb(1, 1, 1);
}

.emotion-0:not(:disabled):not(.inactive):focus,
.emotion-0:not(:disabled):not(.inactive).focus {
  outline-style: dotted;
  outline-color: inherit;
  outline-width: 1px;
  outline-offset: 1px;
}

<div>
  <input
    class="emotion-0"
    type="time"
  />
</div>
`;

exports[`Input should render type url 1`] = `
.emotion-0 {
  border-color: rgb(224, 224, 224);
  background-color: rgb(255, 255, 255);
  color: rgb(1, 1, 1);
  border-top-width: 2px;
  border-top-style: solid;
  border-right-width: 2px;
  border-right-style: solid;
  border-bottom-width: 2px;
  border-bottom-style: solid;
  border-left-width: 2px;
  border-left-style: solid;
  cursor: text;
  padding-top: 8px;
  padding-right: 8px;
  padding-bottom: 8px;
  padding-left: 8px;
  border-top-left-radius: 2px;
  border-top-right-radius: 2px;
  border-bottom-left-radius: 2px;
  border-bottom-right-radius: 2px;
  font-family: Helvetica,sans-serif;
  font-kerning: normal;
  font-size: medium;
  font-style: normal;
  font-weight: 400;
  line-height: 1em;
  text-align: left;
  text-decoration-line: none;
  text-transform: none;
  height: 1em;
  min-width: 1em;
  display: -webkit-inline-box;
  display: -webkit-inline-flex;
  display: -ms-inline-flexbox;
  display: inline-flex;
  box-sizing: content-box;
  vertical-align: middle;
}

.emotion-0:disabled,
.emotion-0.inactive {
  border-color: rgb(165, 165, 165);
  background-color: rgb(191, 191, 191);
  color: rgb(1, 1, 1);
}

.emotion-0:not(:disabled):not(.inactive):hover,
.emotion-0:not(:disabled):not(.inactive).hover {
  border-color: rgb(224, 224, 224);
  background-color: rgb(247, 247, 247);
  color: rgb(1, 1, 1);
}

.emotion-0:not(:disabled):not(.inactive):active,
.emotion-0:not(:disabled):not(.inactive).active {
  border-color: rgb(224, 224, 224);
  background-color: rgb(240, 240, 240);
  color: rgb(1, 1, 1);
}

.emotion-0:not(:disabled):not(.inactive):focus,
.emotion-0:not(:disabled):not(.inactive).focus {
  outline-style: dotted;
  outline-color: inherit;
  outline-width: 1px;
  outline-offset: 1px;
}

<div>
  <input
    class="emotion-0"
    type="url"
  />
</div>
`;

exports[`Input should render type week 1`] = `
.emotion-0 {
  border-color: rgb(224, 224, 224);
  background-color: rgb(255, 255, 255);
  color: rgb(1, 1, 1);
  border-top-width: 2px;
  border-top-style: solid;
  border-right-width: 2px;
  border-right-style: solid;
  border-bottom-width: 2px;
  border-bottom-style: solid;
  border-left-width: 2px;
  border-left-style: solid;
  cursor: text;
  padding-top: 8px;
  padding-right: 8px;
  padding-bottom: 8px;
  padding-left: 8px;
  border-top-left-radius: 2px;
  border-top-right-radius: 2px;
  border-bottom-left-radius: 2px;
  border-bottom-right-radius: 2px;
  font-family: Helvetica,sans-serif;
  font-kerning: normal;
  font-size: medium;
  font-style: normal;
  font-weight: 400;
  line-height: 1em;
  text-align: left;
  text-decoration-line: none;
  text-transform: none;
  height: 1em;
  min-width: 1em;
  display: -webkit-inline-box;
  display: -webkit-inline-flex;
  display: -ms-inline-flexbox;
  display: inline-flex;
  box-sizing: content-box;
  vertical-align: middle;
}

.emotion-0:disabled,
.emotion-0.inactive {
  border-color: rgb(165, 165, 165);
  background-color: rgb(191, 191, 191);
  color: rgb(1, 1, 1);
}

.emotion-0:not(:disabled):not(.inactive):hover,
.emotion-0:not(:disabled):not(.inactive).hover {
  border-color: rgb(224, 224, 224);
  background-color: rgb(247, 247, 247);
  color: rgb(1, 1, 1);
}

.emotion-0:not(:disabled):not(.inactive):active,
.emotion-0:not(:disabled):not(.inactive).active {
  border-color: rgb(224, 224, 224);
  background-color: rgb(240, 240, 240);
  color: rgb(1, 1, 1);
}

.emotion-0:not(:disabled):not(.inactive):focus,
.emotion-0:not(:disabled):not(.inactive).focus {
  outline-style: dotted;
  outline-color: inherit;
  outline-width: 1px;
  outline-offset: 1px;
}

<div>
  <input
    class="emotion-0"
    type="week"
  />
</div>
`;

exports[`Input should support trait props 1`] = `
.emotion-0 {
  border-color: rgb(23, 162, 184);
  background-color: rgb(255, 255, 255);
  color: rgb(1, 1, 1);
  border-top-width: 12px;
  border-top-style: solid;
  border-right-width: 12px;
  border-right-style: solid;
  border-bottom-width: 12px;
  border-bottom-style: solid;
  border-left-width: 12px;
  border-left-style: solid;
  cursor: alias;
  padding-top: 8px;
  padding-right: 8px;
  padding-bottom: 8px;
  padding-left: 8px;
  border-top-left-radius: 24px;
  border-top-right-radius: 24px;
  border-bottom-left-radius: 24px;
  border-bottom-right-radius: 24px;
  font-family: Helvetica,sans-serif;
  font-kerning: normal;
  font-size: medium;
  font-style: normal;
  font-weight: 400;
  line-height: 1em;
  text-align: left;
  text-decoration-line: none;
  text-transform: none;
  height: 1em;
  min-width: 1em;
  display: -webkit-inline-box;
  display: -webkit-inline-flex;
  display: -ms-inline-flexbox;
  display: inline-flex;
  box-sizing: content-box;
  vertical-align: middle;
}

.emotion-0:disabled,
.emotion-0.inactive {
  border-color: rgb(23, 162, 184);
  background-color: rgb(191, 191, 191);
  color: rgb(1, 1, 1);
}

.emotion-0:not(:disabled):not(.inactive):hover,
.emotion-0:not(:disabled):not(.inactive).hover {
  border-color: rgb(23, 162, 184);
  background-color: rgb(247, 247, 247);
  color: rgb(1, 1, 1);
}

.emotion-0:not(:disabled):not(.inactive):active,
.emotion-0:not(:disabled):not(.inactive).active {
  border-color: rgb(23, 162, 184);
  background-color: rgb(240, 240, 240);
  color: rgb(1, 1, 1);
}

.emotion-0:not(:disabled):not(.inactive):focus,
.emotion-0:not(:disabled):not(.inactive).focus {
  outline-style: dotted;
  outline-color: inherit;
  outline-width: 1px;
  outline-offset: 1px;
}

<div>
  <input
    class="emotion-0"
    color="info"
    cursor="alias"
    radius="[object Object]"
  />
</div>
`;
