// Jest Snapshot v1, https://goo.gl/fbAQLP

exports[`Stack should render as default 1`] = `
.emotion-0 {
  display: -webkit-box;
  display: -webkit-flex;
  display: -ms-flexbox;
  display: flex;
}

@media (min-width: 480px) {
  .emotion-0 {
    display: grid;
  }
}

<div>
  <div
    class="emotion-0"
  >
    <div>
      one
    </div>
    <div>
      two
    </div>
    <div>
      three
    </div>
  </div>
</div>
`;
